CREATE EXTENSION test_logging;
SET log_min_messages = NOTICE;
SELECT test_logging(18, 'This is a test message', NULL);
NOTICE:  This is a test message
DETAIL:  NB TAGS: 0 TAGS: 
 test_logging 
--------------
 
(1 row)

SELECT test_logging(18, 'This is a test message', '{"tag1": "value1", "tag2": "value2"}');
NOTICE:  This is a test message
DETAIL:  NB TAGS: 2 TAGS: tag1: value1 tag2: value2 
 test_logging 
--------------
 
(1 row)

