CREATE EXTENSION test_dsa;
SELECT test_dsa_random(3, 5, 16, 10240, 'random');
 test_dsa_random 
-----------------
 
(1 row)

SELECT test_dsa_random(3, 5, 16, 10240, 'forwards');
 test_dsa_random 
-----------------
 
(1 row)

SELECT test_dsa_random(3, 5, 16, 10240, 'backwards');
 test_dsa_random 
-----------------
 
(1 row)

SELECT count(*) from test_dsa_random_parallel(3, 5, 16, 10240, 'random', 5);
 count 
-------
     5
(1 row)

SELECT count(*) from test_dsa_random_parallel(3, 5, 16, 10240, 'forwards', 5);
 count 
-------
     5
(1 row)

SELECT count(*) from test_dsa_random_parallel(3, 5, 16, 10240, 'backwards', 5);
 count 
-------
     5
(1 row)

SELECT test_dsa_oom(1024);
 test_dsa_oom 
--------------
 
(1 row)

SELECT test_dsa_oom(8192);
 test_dsa_oom 
--------------
 
(1 row)

SELECT test_dsa_oom(10240);
 test_dsa_oom 
--------------
 
(1 row)

